[2025-10-20 22:07:12] Starting environment verification...
[2025-10-20 22:07:12] ⚠ ball.py missing PAPER reference.
[2025-10-20 22:07:12] ⚠ ball.py missing log reference.
[2025-10-20 22:07:12] ⚠ CrashGuard_Helper.py missing PAPER reference.
[2025-10-20 22:07:12] ⚠ Doctrine_Heartbeat.py missing PAPER reference.
[2025-10-20 22:07:12] ⚠ Doctrine_Loader.py missing PAPER reference.
[2025-10-20 22:07:12] ⚠ engine.py missing PAPER reference.
[2025-10-20 22:07:12] ⚠ engine.py missing log reference.
[2025-10-20 22:07:12] ⚠ init_audit_db.py missing PAPER reference.
[2025-10-20 22:07:12] ⚠ risk.py missing PAPER reference.
[2025-10-20 22:07:12] ⚠ risk.py missing log reference.
[2025-10-20 22:07:12] ⚠ V13_BridgeGuardian.py missing PAPER reference.
[2025-10-20 22:07:12] ⚠ V13_CommanderFlex.py missing PAPER reference.
[2025-10-20 22:07:12] ⚠ V13_CommanderMonitor.py missing log reference.
[2025-10-20 22:07:12] ⚠ V13_ContextMemory.py missing PAPER reference.
[2025-10-20 22:07:12] ⚠ V13_Flex_DoctrineBridge.py missing PAPER reference.
[2025-10-20 22:07:12] ⚠ V13_PerformanceTracker.py missing PAPER reference.
[2025-10-20 22:07:12] ⚠ V13_RiskSentinel.py missing log reference.
[2025-10-20 22:07:12] ⚠ V13_SessionAudit.py missing PAPER reference.
[2025-10-20 22:07:12] ⚠ V13_SessionLogger.py missing PAPER reference.
[2025-10-20 22:07:12] ⚠ V13_TelemetryFusion.py missing log reference.
[2025-10-20 22:07:12] ⚠ V_13_signal_validator.py missing PAPER reference.
[2025-10-20 22:07:12] ⚠ V_13_signal_validator_handshake_test.py missing PAPER reference.
[2025-10-20 22:07:12] ⚠ V_14_collaboration_matrix.py missing PAPER reference.
[2025-10-20 22:07:12] ⚠ v_14_collaboration_matrix_test_harness.py missing PAPER reference.
[2025-10-20 22:07:12] ⚠ v_14_collaboration_matrix_test_harness.py missing log reference.
[2025-10-20 22:07:12] ⚠ __init__.py missing PAPER reference.
[2025-10-20 22:07:12] ⚠ __init__.py missing log reference.
[2025-10-20 22:07:12] Environment verification complete. Status: OK
[2025-10-20 22:07:12] Starting environment verification...
[2025-10-20 22:07:12] ⚠ ball.py missing PAPER reference.
[2025-10-20 22:07:12] ⚠ ball.py missing log reference.
[2025-10-20 22:07:12] ⚠ CrashGuard_Helper.py missing PAPER reference.
[2025-10-20 22:07:12] ⚠ Doctrine_Heartbeat.py missing PAPER reference.
[2025-10-20 22:07:12] ⚠ Doctrine_Loader.py missing PAPER reference.
[2025-10-20 22:07:12] ⚠ engine.py missing PAPER reference.
[2025-10-20 22:07:12] ⚠ engine.py missing log reference.
[2025-10-20 22:07:12] ⚠ init_audit_db.py missing PAPER reference.
[2025-10-20 22:07:12] ⚠ risk.py missing PAPER reference.
[2025-10-20 22:07:12] ⚠ risk.py missing log reference.
[2025-10-20 22:07:12] ⚠ V13_BridgeGuardian.py missing PAPER reference.
[2025-10-20 22:07:13] ⚠ V13_CommanderFlex.py missing PAPER reference.
[2025-10-20 22:07:13] ⚠ V13_CommanderMonitor.py missing log reference.
[2025-10-20 22:07:13] ⚠ V13_ContextMemory.py missing PAPER reference.
[2025-10-20 22:07:13] ⚠ V13_Flex_DoctrineBridge.py missing PAPER reference.
[2025-10-20 22:07:13] ⚠ V13_PerformanceTracker.py missing PAPER reference.
[2025-10-20 22:07:13] ⚠ V13_RiskSentinel.py missing log reference.
[2025-10-20 22:07:13] ⚠ V13_SessionAudit.py missing PAPER reference.
[2025-10-20 22:07:13] ⚠ V13_SessionLogger.py missing PAPER reference.
[2025-10-20 22:07:13] ⚠ V13_TelemetryFusion.py missing log reference.
[2025-10-20 22:07:13] ⚠ V_13_signal_validator.py missing PAPER reference.
[2025-10-20 22:07:13] ⚠ V_13_signal_validator_handshake_test.py missing PAPER reference.
[2025-10-20 22:07:13] ⚠ V_14_collaboration_matrix.py missing PAPER reference.
[2025-10-20 22:07:13] ⚠ v_14_collaboration_matrix_test_harness.py missing PAPER reference.
[2025-10-20 22:07:13] ⚠ v_14_collaboration_matrix_test_harness.py missing log reference.
[2025-10-20 22:07:13] ⚠ __init__.py missing PAPER reference.
[2025-10-20 22:07:13] ⚠ __init__.py missing log reference.
[2025-10-20 22:07:13] Environment verification complete. Status: OK
[2025-10-20 22:07:13] Manual override activated: {'phase': 'Avenger', 'S_t': 0.55, 'Drawdown': '-2.1%', 'active': True, 'timestamp': '2025-10-20T22:07:13.084132'}
[2025-10-20 22:07:13] Manual override cleared.
[2025-10-20 22:07:13] 🛑 KILL SWITCH ENGAGED: Test trigger
[2025-10-20 22:07:13] Kill switch cleared manually.
[2025-10-20 22:32:54] Starting environment verification...
[2025-10-20 22:32:54] ⚠ ball.py missing PAPER reference.
[2025-10-20 22:32:54] ⚠ ball.py missing log reference.
[2025-10-20 22:32:54] ⚠ CrashGuard_Helper.py missing PAPER reference.
[2025-10-20 22:32:54] ⚠ Doctrine_Heartbeat.py missing PAPER reference.
[2025-10-20 22:32:54] ⚠ Doctrine_Loader.py missing PAPER reference.
[2025-10-20 22:32:54] ⚠ engine.py missing PAPER reference.
[2025-10-20 22:32:54] ⚠ engine.py missing log reference.
[2025-10-20 22:32:54] ⚠ init_audit_db.py missing PAPER reference.
[2025-10-20 22:32:54] ⚠ risk.py missing PAPER reference.
[2025-10-20 22:32:54] ⚠ risk.py missing log reference.
[2025-10-20 22:32:54] ⚠ V13_BridgeGuardian.py missing PAPER reference.
[2025-10-20 22:32:54] ⚠ V13_CommanderFlex.py missing PAPER reference.
[2025-10-20 22:32:54] ⚠ V13_ContextMemory.py missing PAPER reference.
[2025-10-20 22:32:54] ⚠ V13_Flex_DoctrineBridge.py missing PAPER reference.
[2025-10-20 22:32:55] ⚠ V13_PerformanceTracker.py missing PAPER reference.
[2025-10-20 22:32:55] ⚠ V13_RiskSentinel.py missing log reference.
[2025-10-20 22:32:55] ⚠ V13_SessionAudit.py missing PAPER reference.
[2025-10-20 22:32:55] ⚠ V13_SessionLogger.py missing PAPER reference.
[2025-10-20 22:32:55] ⚠ V13_TelemetryFusion.py missing log reference.
[2025-10-20 22:32:55] ⚠ V_13_signal_validator.py missing PAPER reference.
[2025-10-20 22:32:55] ⚠ V_13_signal_validator_handshake_test.py missing PAPER reference.
[2025-10-20 22:32:55] ⚠ V_14_collaboration_matrix.py missing PAPER reference.
[2025-10-20 22:32:55] ⚠ v_14_collaboration_matrix_test_harness.py missing PAPER reference.
[2025-10-20 22:32:55] ⚠ v_14_collaboration_matrix_test_harness.py missing log reference.
[2025-10-20 22:32:55] ⚠ __init__.py missing PAPER reference.
[2025-10-20 22:32:55] ⚠ __init__.py missing log reference.
[2025-10-20 22:32:55] Environment verification complete. Status: OK
[2025-10-20 22:32:55] Starting environment verification...
[2025-10-20 22:32:55] ⚠ ball.py missing PAPER reference.
[2025-10-20 22:32:55] ⚠ ball.py missing log reference.
[2025-10-20 22:32:55] ⚠ CrashGuard_Helper.py missing PAPER reference.
[2025-10-20 22:32:55] ⚠ Doctrine_Heartbeat.py missing PAPER reference.
[2025-10-20 22:32:55] ⚠ Doctrine_Loader.py missing PAPER reference.
[2025-10-20 22:32:55] ⚠ engine.py missing PAPER reference.
[2025-10-20 22:32:55] ⚠ engine.py missing log reference.
[2025-10-20 22:32:55] ⚠ init_audit_db.py missing PAPER reference.
[2025-10-20 22:32:55] ⚠ risk.py missing PAPER reference.
[2025-10-20 22:32:55] ⚠ risk.py missing log reference.
[2025-10-20 22:32:55] ⚠ V13_BridgeGuardian.py missing PAPER reference.
[2025-10-20 22:32:55] ⚠ V13_CommanderFlex.py missing PAPER reference.
[2025-10-20 22:32:55] ⚠ V13_ContextMemory.py missing PAPER reference.
[2025-10-20 22:32:55] ⚠ V13_Flex_DoctrineBridge.py missing PAPER reference.
[2025-10-20 22:32:55] ⚠ V13_PerformanceTracker.py missing PAPER reference.
[2025-10-20 22:32:55] ⚠ V13_RiskSentinel.py missing log reference.
[2025-10-20 22:32:55] ⚠ V13_SessionAudit.py missing PAPER reference.
[2025-10-20 22:32:55] ⚠ V13_SessionLogger.py missing PAPER reference.
[2025-10-20 22:32:55] ⚠ V13_TelemetryFusion.py missing log reference.
[2025-10-20 22:32:55] ⚠ V_13_signal_validator.py missing PAPER reference.
[2025-10-20 22:32:55] ⚠ V_13_signal_validator_handshake_test.py missing PAPER reference.
[2025-10-20 22:32:55] ⚠ V_14_collaboration_matrix.py missing PAPER reference.
[2025-10-20 22:32:55] ⚠ v_14_collaboration_matrix_test_harness.py missing PAPER reference.
[2025-10-20 22:32:55] ⚠ v_14_collaboration_matrix_test_harness.py missing log reference.
[2025-10-20 22:32:55] ⚠ __init__.py missing PAPER reference.
[2025-10-20 22:32:55] ⚠ __init__.py missing log reference.
[2025-10-20 22:32:55] Environment verification complete. Status: OK
[2025-10-20 22:32:55] Manual override activated: {'phase': 'Avenger', 'S_t': 0.5, 'Drawdown': '-2.1%', 'active': True, 'timestamp': '2025-10-20T22:32:55.215341'}
[2025-10-20 22:32:55] Manual override cleared.
[2025-10-20 22:32:55] 🛑 KILL SWITCH ENGAGED: Test reason
[2025-10-20 22:32:55] 🛑 KILL SWITCH ENGAGED: Test
[2025-10-20 22:32:55] Kill switch cleared manually.
[2025-10-20 22:35:40] 🛑 KILL SWITCH ENGAGED: Test
[2025-10-20 22:35:40] Kill switch cleared manually.
[2025-10-20 22:35:40] 🛑 KILL SWITCH ENGAGED: Test
[2025-10-20 22:35:40] Kill switch cleared manually.
[2025-10-20 22:35:40] Starting environment verification...
[2025-10-20 22:35:40] ⚠ ball.py missing PAPER reference.
[2025-10-20 22:35:40] ⚠ ball.py missing log reference.
[2025-10-20 22:35:40] ⚠ CrashGuard_Helper.py missing PAPER reference.
[2025-10-20 22:35:40] ⚠ Doctrine_Heartbeat.py missing PAPER reference.
[2025-10-20 22:35:40] ⚠ Doctrine_Loader.py missing PAPER reference.
[2025-10-20 22:35:40] ⚠ engine.py missing PAPER reference.
[2025-10-20 22:35:40] ⚠ engine.py missing log reference.
[2025-10-20 22:35:40] ⚠ init_audit_db.py missing PAPER reference.
[2025-10-20 22:35:40] ⚠ risk.py missing PAPER reference.
[2025-10-20 22:35:40] ⚠ risk.py missing log reference.
[2025-10-20 22:35:40] ⚠ V13_BridgeGuardian.py missing PAPER reference.
[2025-10-20 22:35:40] ⚠ V13_CommanderFlex.py missing PAPER reference.
[2025-10-20 22:35:40] ⚠ V13_ContextMemory.py missing PAPER reference.
[2025-10-20 22:35:40] ⚠ V13_Flex_DoctrineBridge.py missing PAPER reference.
[2025-10-20 22:35:40] ⚠ V13_PerformanceTracker.py missing PAPER reference.
[2025-10-20 22:35:40] ⚠ V13_RiskSentinel.py missing log reference.
[2025-10-20 22:35:40] ⚠ V13_SessionAudit.py missing PAPER reference.
[2025-10-20 22:35:40] ⚠ V13_SessionLogger.py missing PAPER reference.
[2025-10-20 22:35:40] ⚠ V13_TelemetryFusion.py missing log reference.
[2025-10-20 22:35:40] ⚠ V_13_signal_validator.py missing PAPER reference.
[2025-10-20 22:35:41] ⚠ V_13_signal_validator_handshake_test.py missing PAPER reference.
[2025-10-20 22:35:41] ⚠ V_14_collaboration_matrix.py missing PAPER reference.
[2025-10-20 22:35:41] ⚠ v_14_collaboration_matrix_test_harness.py missing PAPER reference.
[2025-10-20 22:35:41] ⚠ v_14_collaboration_matrix_test_harness.py missing log reference.
[2025-10-20 22:35:41] ⚠ __init__.py missing PAPER reference.
[2025-10-20 22:35:41] ⚠ __init__.py missing log reference.
[2025-10-20 22:35:41] Environment verification complete. Status: OK
[2025-10-20 22:35:41] Manual override activated: {'phase': 'Avenger', 'S_t': 0.8, 'Drawdown': '-1.5%', 'active': True, 'timestamp': '2025-10-20T22:35:41.014979'}
[2025-10-20 22:35:41] Manual override cleared.
[2025-10-20 22:41:52] Starting environment verification...
[2025-10-20 22:41:52] ⚠ ball.py missing PAPER reference.
[2025-10-20 22:41:52] ⚠ ball.py missing log reference.
[2025-10-20 22:41:52] ⚠ CrashGuard_Helper.py missing PAPER reference.
[2025-10-20 22:41:52] ⚠ Doctrine_Heartbeat.py missing PAPER reference.
[2025-10-20 22:41:52] ⚠ Doctrine_Loader.py missing PAPER reference.
[2025-10-20 22:41:52] ⚠ engine.py missing PAPER reference.
[2025-10-20 22:41:52] ⚠ engine.py missing log reference.
[2025-10-20 22:41:52] ⚠ init_audit_db.py missing PAPER reference.
[2025-10-20 22:41:52] ⚠ risk.py missing PAPER reference.
[2025-10-20 22:41:52] ⚠ risk.py missing log reference.
[2025-10-20 22:41:52] ⚠ V13_BridgeGuardian.py missing PAPER reference.
[2025-10-20 22:41:52] ⚠ V13_CommanderFlex.py missing PAPER reference.
[2025-10-20 22:41:52] ⚠ V13_ContextMemory.py missing PAPER reference.
[2025-10-20 22:41:52] ⚠ V13_Flex_DoctrineBridge.py missing PAPER reference.
[2025-10-20 22:41:52] ⚠ V13_PerformanceTracker.py missing PAPER reference.
[2025-10-20 22:41:52] ⚠ V13_RiskSentinel.py missing log reference.
[2025-10-20 22:41:52] ⚠ V13_SessionAudit.py missing PAPER reference.
[2025-10-20 22:41:52] ⚠ V13_SessionLogger.py missing PAPER reference.
[2025-10-20 22:41:52] ⚠ V13_TelemetryFusion.py missing log reference.
[2025-10-20 22:41:52] ⚠ V_13_signal_validator.py missing PAPER reference.
[2025-10-20 22:41:52] ⚠ V_13_signal_validator_handshake_test.py missing PAPER reference.
[2025-10-20 22:41:52] ⚠ V_14_collaboration_matrix.py missing PAPER reference.
[2025-10-20 22:41:52] ⚠ v_14_collaboration_matrix_test_harness.py missing PAPER reference.
[2025-10-20 22:41:52] ⚠ v_14_collaboration_matrix_test_harness.py missing log reference.
[2025-10-20 22:41:52] ⚠ __init__.py missing PAPER reference.
[2025-10-20 22:41:52] ⚠ __init__.py missing log reference.
[2025-10-20 22:41:52] Environment verification complete. Status: OK
[2025-10-20 22:41:52] Manual override activated: {'phase': 'Avenger', 'S_t': 0.0, 'Drawdown': '0%', 'mode': 'PAPER', 'active': True, 'timestamp': '2025-10-20T22:41:52.306469'}
[2025-10-20 22:41:52] Manual override cleared.
[2025-10-21 00:25:36] Starting environment verification...
[2025-10-21 00:25:36] ⚠ ball.py missing PAPER reference.
[2025-10-21 00:25:36] ⚠ ball.py missing log reference.
[2025-10-21 00:25:36] ⚠ CrashGuard_Helper.py missing PAPER reference.
[2025-10-21 00:25:36] ⚠ Doctrine_Heartbeat.py missing PAPER reference.
[2025-10-21 00:25:36] ⚠ Doctrine_Loader.py missing PAPER reference.
[2025-10-21 00:25:36] ⚠ engine.py missing PAPER reference.
[2025-10-21 00:25:36] ⚠ engine.py missing log reference.
[2025-10-21 00:25:36] ⚠ init_audit_db.py missing PAPER reference.
[2025-10-21 00:25:36] ⚠ risk.py missing PAPER reference.
[2025-10-21 00:25:36] ⚠ risk.py missing log reference.
[2025-10-21 00:25:36] ⚠ V13_BridgeGuardian.py missing PAPER reference.
[2025-10-21 00:25:36] ⚠ V13_CommanderFlex.py missing PAPER reference.
[2025-10-21 00:25:36] ⚠ V13_ContextMemory.py missing PAPER reference.
[2025-10-21 00:25:36] ⚠ V13_Flex_DoctrineBridge.py missing PAPER reference.
[2025-10-21 00:25:36] ⚠ V13_PerformanceTracker.py missing PAPER reference.
[2025-10-21 00:25:36] ⚠ V13_RiskSentinel.py missing log reference.
[2025-10-21 00:25:36] ⚠ V13_SessionAudit.py missing PAPER reference.
[2025-10-21 00:25:36] ⚠ V13_SessionLogger.py missing PAPER reference.
[2025-10-21 00:25:36] ⚠ V13_SyncLoop.py missing PAPER reference.
[2025-10-21 00:25:36] ⚠ V13_TelemetryFusion.py missing log reference.
[2025-10-21 00:25:36] ⚠ V13_VisualMonitor.py missing log reference.
[2025-10-21 00:25:36] ⚠ V13_VisualMonitor_UIv2.py missing log reference.
[2025-10-21 00:25:36] ⚠ V_13_signal_validator.py missing PAPER reference.
[2025-10-21 00:25:36] ⚠ V_13_signal_validator_handshake_test.py missing PAPER reference.
[2025-10-21 00:25:36] ⚠ V_14_collaboration_matrix.py missing PAPER reference.
[2025-10-21 00:25:36] ⚠ v_14_collaboration_matrix_test_harness.py missing PAPER reference.
[2025-10-21 00:25:36] ⚠ v_14_collaboration_matrix_test_harness.py missing log reference.
[2025-10-21 00:25:36] ⚠ __init__.py missing PAPER reference.
[2025-10-21 00:25:36] ⚠ __init__.py missing log reference.
[2025-10-21 00:25:36] Environment verification complete. Status: OK
[2025-10-21 00:25:36] Starting environment verification...
[2025-10-21 00:25:36] ⚠ ball.py missing PAPER reference.
[2025-10-21 00:25:36] ⚠ ball.py missing log reference.
[2025-10-21 00:25:36] ⚠ CrashGuard_Helper.py missing PAPER reference.
[2025-10-21 00:25:37] ⚠ Doctrine_Heartbeat.py missing PAPER reference.
[2025-10-21 00:25:37] ⚠ Doctrine_Loader.py missing PAPER reference.
[2025-10-21 00:25:37] ⚠ engine.py missing PAPER reference.
[2025-10-21 00:25:37] ⚠ engine.py missing log reference.
[2025-10-21 00:25:37] ⚠ init_audit_db.py missing PAPER reference.
[2025-10-21 00:25:37] ⚠ risk.py missing PAPER reference.
[2025-10-21 00:25:37] ⚠ risk.py missing log reference.
[2025-10-21 00:25:37] ⚠ V13_BridgeGuardian.py missing PAPER reference.
[2025-10-21 00:25:37] ⚠ V13_CommanderFlex.py missing PAPER reference.
[2025-10-21 00:25:37] ⚠ V13_ContextMemory.py missing PAPER reference.
[2025-10-21 00:25:37] ⚠ V13_Flex_DoctrineBridge.py missing PAPER reference.
[2025-10-21 00:25:37] ⚠ V13_PerformanceTracker.py missing PAPER reference.
[2025-10-21 00:25:37] ⚠ V13_RiskSentinel.py missing log reference.
[2025-10-21 00:25:37] ⚠ V13_SessionAudit.py missing PAPER reference.
[2025-10-21 00:25:37] ⚠ V13_SessionLogger.py missing PAPER reference.
[2025-10-21 00:25:37] ⚠ V13_SyncLoop.py missing PAPER reference.
[2025-10-21 00:25:37] ⚠ V13_TelemetryFusion.py missing log reference.
[2025-10-21 00:25:37] ⚠ V13_VisualMonitor.py missing log reference.
[2025-10-21 00:25:37] ⚠ V13_VisualMonitor_UIv2.py missing log reference.
[2025-10-21 00:25:37] ⚠ V_13_signal_validator.py missing PAPER reference.
[2025-10-21 00:25:37] ⚠ V_13_signal_validator_handshake_test.py missing PAPER reference.
[2025-10-21 00:25:37] ⚠ V_14_collaboration_matrix.py missing PAPER reference.
[2025-10-21 00:25:37] ⚠ v_14_collaboration_matrix_test_harness.py missing PAPER reference.
[2025-10-21 00:25:37] ⚠ v_14_collaboration_matrix_test_harness.py missing log reference.
[2025-10-21 00:25:37] ⚠ __init__.py missing PAPER reference.
[2025-10-21 00:25:37] ⚠ __init__.py missing log reference.
[2025-10-21 00:25:37] Environment verification complete. Status: OK
[2025-10-21 00:25:37] Manual override activated: {'phase': 'Avenger', 'S_t': 0.55, 'Drawdown': '-2.1%', 'active': True, 'timestamp': '2025-10-21T00:25:37.229611'}
[2025-10-21 00:25:37] Manual override cleared.
[2025-10-21 00:25:37] 🛑 KILL SWITCH ENGAGED: Test trigger
[2025-10-21 00:25:37] Kill switch cleared manually.
[2025-10-21 00:27:52] Starting environment verification...
[2025-10-21 00:27:52] ⚠ ball.py missing PAPER reference.
[2025-10-21 00:27:52] ⚠ ball.py missing log reference.
[2025-10-21 00:27:52] ⚠ CrashGuard_Helper.py missing PAPER reference.
[2025-10-21 00:27:52] ⚠ Doctrine_Heartbeat.py missing PAPER reference.
[2025-10-21 00:27:52] ⚠ Doctrine_Loader.py missing PAPER reference.
[2025-10-21 00:27:52] ⚠ engine.py missing PAPER reference.
[2025-10-21 00:27:52] ⚠ engine.py missing log reference.
[2025-10-21 00:27:52] ⚠ init_audit_db.py missing PAPER reference.
[2025-10-21 00:27:52] ⚠ risk.py missing PAPER reference.
[2025-10-21 00:27:52] ⚠ risk.py missing log reference.
[2025-10-21 00:27:52] ⚠ V13_BridgeGuardian.py missing PAPER reference.
[2025-10-21 00:27:52] ⚠ V13_CommanderFlex.py missing PAPER reference.
[2025-10-21 00:27:52] ⚠ V13_ContextMemory.py missing PAPER reference.
[2025-10-21 00:27:52] ⚠ V13_Flex_DoctrineBridge.py missing PAPER reference.
[2025-10-21 00:27:52] ⚠ V13_PerformanceTracker.py missing PAPER reference.
[2025-10-21 00:27:52] ⚠ V13_RiskSentinel.py missing log reference.
[2025-10-21 00:27:52] ⚠ V13_SessionAudit.py missing PAPER reference.
[2025-10-21 00:27:52] ⚠ V13_SessionLogger.py missing PAPER reference.
[2025-10-21 00:27:52] ⚠ V13_SyncLoop.py missing PAPER reference.
[2025-10-21 00:27:52] ⚠ V13_TelemetryFusion.py missing log reference.
[2025-10-21 00:27:52] ⚠ V13_VisualMonitor.py missing log reference.
[2025-10-21 00:27:52] ⚠ V13_VisualMonitor_UIv2.py missing log reference.
[2025-10-21 00:27:52] ⚠ V_13_signal_validator.py missing PAPER reference.
[2025-10-21 00:27:52] ⚠ V_13_signal_validator_handshake_test.py missing PAPER reference.
[2025-10-21 00:27:52] ⚠ V_14_collaboration_matrix.py missing PAPER reference.
[2025-10-21 00:27:52] ⚠ v_14_collaboration_matrix_test_harness.py missing PAPER reference.
[2025-10-21 00:27:52] ⚠ v_14_collaboration_matrix_test_harness.py missing log reference.
[2025-10-21 00:27:52] ⚠ __init__.py missing PAPER reference.
[2025-10-21 00:27:52] ⚠ __init__.py missing log reference.
[2025-10-21 00:27:52] Environment verification complete. Status: OK
[2025-10-21 00:27:52] Manual override activated: {'phase': 'AVENGER', 'S_t': 0.8, 'Drawdown': '-1.5%', 'active': True, 'timestamp': '2025-10-21T00:27:52.944600'}
[2025-10-21 01:48:56] Starting environment verification...
[2025-10-21 01:48:56] ⚠ ball.py missing PAPER reference.
[2025-10-21 01:48:56] ⚠ ball.py missing log reference.
[2025-10-21 01:48:56] ⚠ CrashGuard_Helper.py missing PAPER reference.
[2025-10-21 01:48:56] ⚠ Doctrine_Heartbeat.py missing PAPER reference.
[2025-10-21 01:48:56] ⚠ Doctrine_Loader.py missing PAPER reference.
[2025-10-21 01:48:56] ⚠ engine.py missing PAPER reference.
[2025-10-21 01:48:56] ⚠ engine.py missing log reference.
[2025-10-21 01:48:56] ⚠ init_audit_db.py missing PAPER reference.
[2025-10-21 01:48:56] ⚠ risk.py missing PAPER reference.
[2025-10-21 01:48:56] ⚠ risk.py missing log reference.
[2025-10-21 01:48:56] ⚠ V13_BridgeGuardian.py missing PAPER reference.
[2025-10-21 01:48:56] ⚠ V13_CommanderFlex.py missing PAPER reference.
[2025-10-21 01:48:56] ⚠ V13_CommanderMonitor.py missing PAPER reference.
[2025-10-21 01:48:56] ⚠ V13_ContextMemory.py missing PAPER reference.
[2025-10-21 01:48:56] ⚠ V13_DoctrineIntegrity.py missing PAPER reference.
[2025-10-21 01:48:56] ⚠ V13_DoctrineIntegrity.py missing log reference.
[2025-10-21 01:48:56] ⚠ V13_EventBus.py missing log reference.
[2025-10-21 01:48:56] ⚠ V13_Flex_DoctrineBridge.py missing PAPER reference.
[2025-10-21 01:48:56] ⚠ V13_KillSwitch.py missing PAPER reference.
[2025-10-21 01:48:56] ⚠ V13_LogFormatter.py missing PAPER reference.
[2025-10-21 01:48:56] ⚠ V13_PerformanceTracker.py missing PAPER reference.
[2025-10-21 01:48:56] ⚠ V13_SessionAudit.py missing PAPER reference.
[2025-10-21 01:48:56] ⚠ V13_SessionLogger.py missing PAPER reference.
[2025-10-21 01:48:56] ⚠ V13_TelemetryFusion.py missing log reference.
[2025-10-21 01:48:57] ⚠ V13_VisualMonitor.py missing log reference.
[2025-10-21 01:48:57] ⚠ V13_VisualMonitor_UIv2.py missing log reference.
[2025-10-21 01:48:57] ⚠ V_13_signal_validator.py missing PAPER reference.
[2025-10-21 01:48:57] ⚠ V_13_signal_validator_handshake_test.py missing PAPER reference.
[2025-10-21 01:48:57] ⚠ V_14_collaboration_matrix.py missing PAPER reference.
[2025-10-21 01:48:57] ⚠ v_14_collaboration_matrix_test_harness.py missing PAPER reference.
[2025-10-21 01:48:57] ⚠ v_14_collaboration_matrix_test_harness.py missing log reference.
[2025-10-21 01:48:57] ⚠ __init__.py missing PAPER reference.
[2025-10-21 01:48:57] ⚠ __init__.py missing log reference.
[2025-10-21 01:48:57] Environment verification complete. Status: OK
[2025-10-21 04:37:18] Starting environment verification...
[2025-10-21 04:37:18] ⚠ ball.py missing PAPER reference.
[2025-10-21 04:37:18] ⚠ ball.py missing log reference.
[2025-10-21 04:37:18] ⚠ CrashGuard_Helper.py missing PAPER reference.
[2025-10-21 04:37:18] ⚠ Doctrine_Heartbeat.py missing PAPER reference.
[2025-10-21 04:37:18] ⚠ engine.py missing PAPER reference.
[2025-10-21 04:37:18] ⚠ engine.py missing log reference.
[2025-10-21 04:37:18] ⚠ init_audit_db.py missing PAPER reference.
[2025-10-21 04:37:18] ⚠ risk.py missing PAPER reference.
[2025-10-21 04:37:18] ⚠ risk.py missing log reference.
[2025-10-21 04:37:18] ⚠ V13_BridgeGuardian.py missing PAPER reference.
[2025-10-21 04:37:18] ⚠ V13_CommanderFlex.py missing PAPER reference.
[2025-10-21 04:37:18] ⚠ V13_CommanderMonitor.py missing PAPER reference.
[2025-10-21 04:37:18] ⚠ V13_ContextMemory.py missing PAPER reference.
[2025-10-21 04:37:18] ⚠ V13_DoctrineIntegrity.py missing PAPER reference.
[2025-10-21 04:37:18] ⚠ V13_DoctrineIntegrity.py missing log reference.
[2025-10-21 04:37:18] ⚠ V13_EventBus.py missing log reference.
[2025-10-21 04:37:18] ⚠ V13_Flex_DoctrineBridge.py missing PAPER reference.
[2025-10-21 04:37:18] ⚠ V13_KillSwitch.py missing PAPER reference.
[2025-10-21 04:37:18] ⚠ V13_LogFormatter.py missing PAPER reference.
[2025-10-21 04:37:18] ⚠ V13_PerformanceTracker.py missing PAPER reference.
[2025-10-21 04:37:18] ⚠ V13_SessionAudit.py missing PAPER reference.
[2025-10-21 04:37:18] ⚠ V13_SessionLogger.py missing PAPER reference.
[2025-10-21 04:37:18] ⚠ V13_TelemetryFusion.py missing log reference.
[2025-10-21 04:37:18] ⚠ V13_VisualMonitor_UIv2.py missing log reference.
[2025-10-21 04:37:18] ⚠ V13_VisualMonitor_UIv2_enhanced.py missing log reference.
[2025-10-21 04:37:18] ⚠ V13_VisualMonitor_UIv2_fixed.py missing log reference.
[2025-10-21 04:37:18] ⚠ V13_VisualMonitor_UIv2_new.py missing log reference.
[2025-10-21 04:37:18] ⚠ V_13_signal_validator.py missing PAPER reference.
[2025-10-21 04:37:18] ⚠ V_13_signal_validator_handshake_test.py missing PAPER reference.
[2025-10-21 04:37:18] ⚠ V_14_collaboration_matrix.py missing PAPER reference.
[2025-10-21 04:37:18] ⚠ v_14_collaboration_matrix_test_harness.py missing PAPER reference.
[2025-10-21 04:37:18] ⚠ v_14_collaboration_matrix_test_harness.py missing log reference.
[2025-10-21 04:37:18] ⚠ __init__.py missing PAPER reference.
[2025-10-21 04:37:18] ⚠ __init__.py missing log reference.
[2025-10-21 04:37:18] Environment verification complete. Status: OK
[2025-10-21 04:37:18] Manual override activated: {'phase': 'Avenger', 'S_t': 0.0, 'Drawdown': '0%', 'mode': 'PAPER', 'active': True, 'timestamp': '2025-10-21T04:37:18.817721'}
[2025-10-21 04:37:22] 🛑 KILL SWITCH ENGAGED: Triggered via Monitor
[2025-10-21 04:37:58] Manual override cleared.
[2025-10-21 04:38:02] Kill switch cleared manually.
[2025-10-21 04:43:24] Starting environment verification...
[2025-10-21 04:43:24] ⚠ ball.py missing PAPER reference.
[2025-10-21 04:43:24] ⚠ ball.py missing log reference.
[2025-10-21 04:43:24] ⚠ CrashGuard_Helper.py missing PAPER reference.
[2025-10-21 04:43:24] ⚠ Doctrine_Heartbeat.py missing PAPER reference.
[2025-10-21 04:43:24] ⚠ engine.py missing PAPER reference.
[2025-10-21 04:43:24] ⚠ engine.py missing log reference.
[2025-10-21 04:43:24] ⚠ init_audit_db.py missing PAPER reference.
[2025-10-21 04:43:24] ⚠ risk.py missing PAPER reference.
[2025-10-21 04:43:24] ⚠ risk.py missing log reference.
[2025-10-21 04:43:24] ⚠ V13_BridgeGuardian.py missing PAPER reference.
[2025-10-21 04:43:24] ⚠ V13_CommanderFlex.py missing PAPER reference.
[2025-10-21 04:43:24] ⚠ V13_CommanderMonitor.py missing PAPER reference.
[2025-10-21 04:43:24] ⚠ V13_ContextMemory.py missing PAPER reference.
[2025-10-21 04:43:24] ⚠ V13_DoctrineIntegrity.py missing PAPER reference.
[2025-10-21 04:43:24] ⚠ V13_DoctrineIntegrity.py missing log reference.
[2025-10-21 04:43:24] ⚠ V13_EventBus.py missing log reference.
[2025-10-21 04:43:24] ⚠ V13_Flex_DoctrineBridge.py missing PAPER reference.
[2025-10-21 04:43:24] ⚠ V13_KillSwitch.py missing PAPER reference.
[2025-10-21 04:43:24] ⚠ V13_LogFormatter.py missing PAPER reference.
[2025-10-21 04:43:24] ⚠ V13_PerformanceTracker.py missing PAPER reference.
[2025-10-21 04:43:24] ⚠ V13_SessionAudit.py missing PAPER reference.
[2025-10-21 04:43:24] ⚠ V13_SessionLogger.py missing PAPER reference.
[2025-10-21 04:43:24] ⚠ V13_TelemetryFusion.py missing log reference.
[2025-10-21 04:43:24] ⚠ V13_VisualMonitor_UIv2.py missing log reference.
[2025-10-21 04:43:24] ⚠ V13_VisualMonitor_UIv2_enhanced.py missing log reference.
[2025-10-21 04:43:24] ⚠ V13_VisualMonitor_UIv2_fixed.py missing log reference.
[2025-10-21 04:43:24] ⚠ V13_VisualMonitor_UIv2_new.py missing log reference.
[2025-10-21 04:43:24] ⚠ V_13_signal_validator.py missing PAPER reference.
[2025-10-21 04:43:24] ⚠ V_13_signal_validator_handshake_test.py missing PAPER reference.
[2025-10-21 04:43:24] ⚠ V_14_collaboration_matrix.py missing PAPER reference.
[2025-10-21 04:43:24] ⚠ v_14_collaboration_matrix_test_harness.py missing PAPER reference.
[2025-10-21 04:43:24] ⚠ v_14_collaboration_matrix_test_harness.py missing log reference.
[2025-10-21 04:43:24] ⚠ __init__.py missing PAPER reference.
[2025-10-21 04:43:24] ⚠ __init__.py missing log reference.
[2025-10-21 04:43:24] Environment verification complete. Status: OK
[2025-10-21 04:43:24] Manual override activated: {'phase': 'SuperSafe', 'S_t': 0.0, 'Drawdown': '0%', 'mode': 'PAPER', 'active': True, 'timestamp': '2025-10-21T04:43:24.335502'}
